
> yummy@0.0.0 build
> vite build

[36mvite v7.3.1 [32mbuilding client environment for production...[36m[39m
transforming...
[32m✓[39m 1787 modules transformed.
[31m✗[39m Build failed in 4.04s
[31merror during build:
[31msrc/components/Cart.jsx (3:9): "CartContext" is not exported by "src/context/CartContext.jsx", imported by "src/components/Cart.jsx".[31m
file: [36mC:/Users/vishr/OneDrive/Desktop/yummy/src/components/Cart.jsx:3:9[31m
[33m
1: import { useContext, useState } from 'react';
2: import { X, Plus, Minus, Send, ShoppingBag, MessageCircle } from 'lucide-react';
3: import { CartContext } from '../context/CartContext';
            ^
4: import './Cart.css';
[31m
    at getRollupError (file:///C:/Users/vishr/OneDrive/Desktop/yummy/node_modules/rollup/dist/es/shared/parseAst.js:402:41)
    at error (file:///C:/Users/vishr/OneDrive/Desktop/yummy/node_modules/rollup/dist/es/shared/parseAst.js:398:42)
    at Module.error (file:///C:/Users/vishr/OneDrive/Desktop/yummy/node_modules/rollup/dist/es/shared/node-entry.js:17040:16)
    at Module.traceVariable (file:///C:/Users/vishr/OneDrive/Desktop/yummy/node_modules/rollup/dist/es/shared/node-entry.js:17452:29)
    at ModuleScope.findVariable (file:///C:/Users/vishr/OneDrive/Desktop/yummy/node_modules/rollup/dist/es/shared/node-entry.js:15070:39)
    at FunctionScope.findVariable (file:///C:/Users/vishr/OneDrive/Desktop/yummy/node_modules/rollup/dist/es/shared/node-entry.js:5673:38)
    at FunctionBodyScope.findVariable (file:///C:/Users/vishr/OneDrive/Desktop/yummy/node_modules/rollup/dist/es/shared/node-entry.js:5673:38)
    at Identifier.bind (file:///C:/Users/vishr/OneDrive/Desktop/yummy/node_modules/rollup/dist/es/shared/node-entry.js:5447:40)
    at CallExpression.bind (file:///C:/Users/vishr/OneDrive/Desktop/yummy/node_modules/rollup/dist/es/shared/node-entry.js:2825:28)
    at CallExpression.bind (file:///C:/Users/vishr/OneDrive/Desktop/yummy/node_modules/rollup/dist/es/shared/node-entry.js:12179:15)[39m
